// Jest Snapshot v1, https://goo.gl/fbAQLP

exports[`Test predeploy contracts for chain 1 register predeploy contract 1`] = `
{
  "byteCode": "0x6102bc6200004560803961027860805ff061033c5260ff60e0600461035c5f5f60446102f85f61033c515af1841b3d841b01815281013d5f823e3d0161035c900361035cf3608060405234801561001057600080fd5b50610258806100206000396000f3fe608060405234801561001057600080fd5b50600436106100365760003560e01c80631858c77d1461003b578063ccf655031461006b575b600080fd5b61005560048036038101906100509190610102565b61009b565b6040516100629190610151565b60405180910390f35b61008560048036038101906100809190610102565b6100b1565b6040516100929190610151565b60405180910390f35b600081836100a9919061019b565b905092915050565b600081836100bf91906101de565b905092915050565b600080fd5b6000819050919050565b6100df816100cc565b81146100ea57600080fd5b50565b6000813590506100fc816100d6565b92915050565b60008060408385031215610119576101186100c7565b5b6000610127858286016100ed565b9250506020610138858286016100ed565b9150509250929050565b61014b816100cc565b82525050565b60006020820190506101666000830184610142565b92915050565b7f4e487b7100000000000000000000000000000000000000000000000000000000600052601160045260246000fd5b60006101a6826100cc565b91506101b1836100cc565b92508282039050818112600084121682821360008512151617156101d8576101d761016c565b5b92915050565b60006101e9826100cc565b91506101f4836100cc565b92508282019050828112156000831216838212600084121516171561021c5761021b61016c565b5b9291505056fea2646970667358221220f5b5af1db90e0f8d8bff4bcfa08f119f2227ca5d7d2e3ba623523e219c33728264736f6c63430008110033ccf65503000000000000000000000000000000000000000000000000000000000000004500000000000000000000000000000000000000000000000000000000000001a4",
  "splittedByteCodes": [
    "6102bc",
    "62000045",
    "6080",
    "39",
    "610278",
    "6080",
    "5f",
    "f0",
    "61033c52",
    "60ff",
    "60e0",
    "6004",
    "61035c",
    "5f",
    "5f",
    "6044",
    "6102f8",
    "5f",
    "61033c51",
    "5a",
    "f1",
    "84",
    "1b",
    "3d",
    "84",
    "1b",
    "01",
    "81",
    "52",
    "81",
    "01",
    "3d",
    "5f",
    "82",
    "3e",
    "3d",
    "01",
    "61035c",
    "90",
    "03",
    "61035c",
    "f3",
    "",
    "608060405234801561001057600080fd5b50610258806100206000396000f3fe608060405234801561001057600080fd5b50600436106100365760003560e01c80631858c77d1461003b578063ccf655031461006b575b600080fd5b61005560048036038101906100509190610102565b61009b565b6040516100629190610151565b60405180910390f35b61008560048036038101906100809190610102565b6100b1565b6040516100929190610151565b60405180910390f35b600081836100a9919061019b565b905092915050565b600081836100bf91906101de565b905092915050565b600080fd5b6000819050919050565b6100df816100cc565b81146100ea57600080fd5b50565b6000813590506100fc816100d6565b92915050565b60008060408385031215610119576101186100c7565b5b6000610127858286016100ed565b9250506020610138858286016100ed565b9150509250929050565b61014b816100cc565b82525050565b60006020820190506101666000830184610142565b92915050565b7f4e487b7100000000000000000000000000000000000000000000000000000000600052601160045260246000fd5b60006101a6826100cc565b91506101b1836100cc565b92508282039050818112600084121682821360008512151617156101d8576101d761016c565b5b92915050565b60006101e9826100cc565b91506101f4836100cc565b92508282019050828112156000831216838212600084121516171561021c5761021b61016c565b5b9291505056fea2646970667358221220f5b5af1db90e0f8d8bff4bcfa08f119f2227ca5d7d2e3ba623523e219c33728264736f6c63430008110033",
    "ccf65503000000000000000000000000000000000000000000000000000000000000004500000000000000000000000000000000000000000000000000000000000001a4",
  ],
}
`;

exports[`Test predeploy contracts for chain 1 register predeploy contract 2`] = `"0x8000002000000000000000000000000000000000000000000000000000000000000001e9"`;

exports[`Test predeploy contracts for chain 1 register predeploy contract 3`] = `
[
  {
    "data": "0x00000000000000000000000000000000000000000000000000000000000001e9",
    "success": true,
  },
]
`;

exports[`Test predeploy contracts for chain 1 simple 1`] = `
{
  "byteCode": "0x6103006200006360803961027860805ff06103805260ff60e060046103a05f5f60446102f85f610380515af1841b3d841b01815281013d5f823e3d015f5f604461033c5f610380515af1841b3d841b01815281013d5f823e3d016103a090036103a0f3608060405234801561001057600080fd5b50610258806100206000396000f3fe608060405234801561001057600080fd5b50600436106100365760003560e01c80631858c77d1461003b578063ccf655031461006b575b600080fd5b61005560048036038101906100509190610102565b61009b565b6040516100629190610151565b60405180910390f35b61008560048036038101906100809190610102565b6100b1565b6040516100929190610151565b60405180910390f35b600081836100a9919061019b565b905092915050565b600081836100bf91906101de565b905092915050565b600080fd5b6000819050919050565b6100df816100cc565b81146100ea57600080fd5b50565b6000813590506100fc816100d6565b92915050565b60008060408385031215610119576101186100c7565b5b6000610127858286016100ed565b9250506020610138858286016100ed565b9150509250929050565b61014b816100cc565b82525050565b60006020820190506101666000830184610142565b92915050565b7f4e487b7100000000000000000000000000000000000000000000000000000000600052601160045260246000fd5b60006101a6826100cc565b91506101b1836100cc565b92508282039050818112600084121682821360008512151617156101d8576101d761016c565b5b92915050565b60006101e9826100cc565b91506101f4836100cc565b92508282019050828112156000831216838212600084121516171561021c5761021b61016c565b5b9291505056fea2646970667358221220f5b5af1db90e0f8d8bff4bcfa08f119f2227ca5d7d2e3ba623523e219c33728264736f6c63430008110033ccf65503000000000000000000000000000000000000000000000000000000000000000a00000000000000000000000000000000000000000000000000000000000000141858c77d000000000000000000000000000000000000000000000000000000000000000a0000000000000000000000000000000000000000000000000000000000000014",
  "splittedByteCodes": [
    "610300",
    "62000063",
    "6080",
    "39",
    "610278",
    "6080",
    "5f",
    "f0",
    "61038052",
    "60ff",
    "60e0",
    "6004",
    "6103a0",
    "5f",
    "5f",
    "6044",
    "6102f8",
    "5f",
    "61038051",
    "5a",
    "f1",
    "84",
    "1b",
    "3d",
    "84",
    "1b",
    "01",
    "81",
    "52",
    "81",
    "01",
    "3d",
    "5f",
    "82",
    "3e",
    "3d",
    "01",
    "5f",
    "5f",
    "6044",
    "61033c",
    "5f",
    "61038051",
    "5a",
    "f1",
    "84",
    "1b",
    "3d",
    "84",
    "1b",
    "01",
    "81",
    "52",
    "81",
    "01",
    "3d",
    "5f",
    "82",
    "3e",
    "3d",
    "01",
    "6103a0",
    "90",
    "03",
    "6103a0",
    "f3",
    "",
    "608060405234801561001057600080fd5b50610258806100206000396000f3fe608060405234801561001057600080fd5b50600436106100365760003560e01c80631858c77d1461003b578063ccf655031461006b575b600080fd5b61005560048036038101906100509190610102565b61009b565b6040516100629190610151565b60405180910390f35b61008560048036038101906100809190610102565b6100b1565b6040516100929190610151565b60405180910390f35b600081836100a9919061019b565b905092915050565b600081836100bf91906101de565b905092915050565b600080fd5b6000819050919050565b6100df816100cc565b81146100ea57600080fd5b50565b6000813590506100fc816100d6565b92915050565b60008060408385031215610119576101186100c7565b5b6000610127858286016100ed565b9250506020610138858286016100ed565b9150509250929050565b61014b816100cc565b82525050565b60006020820190506101666000830184610142565b92915050565b7f4e487b7100000000000000000000000000000000000000000000000000000000600052601160045260246000fd5b60006101a6826100cc565b91506101b1836100cc565b92508282039050818112600084121682821360008512151617156101d8576101d761016c565b5b92915050565b60006101e9826100cc565b91506101f4836100cc565b92508282019050828112156000831216838212600084121516171561021c5761021b61016c565b5b9291505056fea2646970667358221220f5b5af1db90e0f8d8bff4bcfa08f119f2227ca5d7d2e3ba623523e219c33728264736f6c63430008110033",
    "ccf65503000000000000000000000000000000000000000000000000000000000000000a00000000000000000000000000000000000000000000000000000000000000141858c77d000000000000000000000000000000000000000000000000000000000000000a0000000000000000000000000000000000000000000000000000000000000014",
  ],
}
`;

exports[`Test predeploy contracts for chain 1 simple 2`] = `"0x80000020000000000000000000000000000000000000000000000000000000000000001e80000020fffffffffffffffffffffffffffffffffffffffffffffffffffffffffffffff6"`;

exports[`Test predeploy contracts for chain 1 simple 3`] = `
[
  {
    "data": "0x000000000000000000000000000000000000000000000000000000000000001e",
    "success": true,
  },
  {
    "data": "0xfffffffffffffffffffffffffffffffffffffffffffffffffffffffffffffff6",
    "success": true,
  },
]
`;

exports[`Test predeploy contracts for chain 1 simple 4`] = `
 [
  30n,
]
`;

exports[`Test predeploy contracts for chain 1 simple 5`] = `
 [
  -10n,
]
`;

exports[`Test predeploy contracts for chain 42161 register predeploy contract 1`] = `
{
  "byteCode": "0x6102bc6200004a60803961027860806000f061033c5260ff60e0600461035c6000600060446102f8600061033c515af1841b3d841b01815281013d6000823e3d0161035c900361035cf3608060405234801561001057600080fd5b50610258806100206000396000f3fe608060405234801561001057600080fd5b50600436106100365760003560e01c80631858c77d1461003b578063ccf655031461006b575b600080fd5b61005560048036038101906100509190610102565b61009b565b6040516100629190610151565b60405180910390f35b61008560048036038101906100809190610102565b6100b1565b6040516100929190610151565b60405180910390f35b600081836100a9919061019b565b905092915050565b600081836100bf91906101de565b905092915050565b600080fd5b6000819050919050565b6100df816100cc565b81146100ea57600080fd5b50565b6000813590506100fc816100d6565b92915050565b60008060408385031215610119576101186100c7565b5b6000610127858286016100ed565b9250506020610138858286016100ed565b9150509250929050565b61014b816100cc565b82525050565b60006020820190506101666000830184610142565b92915050565b7f4e487b7100000000000000000000000000000000000000000000000000000000600052601160045260246000fd5b60006101a6826100cc565b91506101b1836100cc565b92508282039050818112600084121682821360008512151617156101d8576101d761016c565b5b92915050565b60006101e9826100cc565b91506101f4836100cc565b92508282019050828112156000831216838212600084121516171561021c5761021b61016c565b5b9291505056fea2646970667358221220f5b5af1db90e0f8d8bff4bcfa08f119f2227ca5d7d2e3ba623523e219c33728264736f6c63430008110033ccf65503000000000000000000000000000000000000000000000000000000000000004500000000000000000000000000000000000000000000000000000000000001a4",
  "splittedByteCodes": [
    "6102bc",
    "6200004a",
    "6080",
    "39",
    "610278",
    "6080",
    "6000",
    "f0",
    "61033c52",
    "60ff",
    "60e0",
    "6004",
    "61035c",
    "6000",
    "6000",
    "6044",
    "6102f8",
    "6000",
    "61033c51",
    "5a",
    "f1",
    "84",
    "1b",
    "3d",
    "84",
    "1b",
    "01",
    "81",
    "52",
    "81",
    "01",
    "3d",
    "6000",
    "82",
    "3e",
    "3d",
    "01",
    "61035c",
    "90",
    "03",
    "61035c",
    "f3",
    "",
    "608060405234801561001057600080fd5b50610258806100206000396000f3fe608060405234801561001057600080fd5b50600436106100365760003560e01c80631858c77d1461003b578063ccf655031461006b575b600080fd5b61005560048036038101906100509190610102565b61009b565b6040516100629190610151565b60405180910390f35b61008560048036038101906100809190610102565b6100b1565b6040516100929190610151565b60405180910390f35b600081836100a9919061019b565b905092915050565b600081836100bf91906101de565b905092915050565b600080fd5b6000819050919050565b6100df816100cc565b81146100ea57600080fd5b50565b6000813590506100fc816100d6565b92915050565b60008060408385031215610119576101186100c7565b5b6000610127858286016100ed565b9250506020610138858286016100ed565b9150509250929050565b61014b816100cc565b82525050565b60006020820190506101666000830184610142565b92915050565b7f4e487b7100000000000000000000000000000000000000000000000000000000600052601160045260246000fd5b60006101a6826100cc565b91506101b1836100cc565b92508282039050818112600084121682821360008512151617156101d8576101d761016c565b5b92915050565b60006101e9826100cc565b91506101f4836100cc565b92508282019050828112156000831216838212600084121516171561021c5761021b61016c565b5b9291505056fea2646970667358221220f5b5af1db90e0f8d8bff4bcfa08f119f2227ca5d7d2e3ba623523e219c33728264736f6c63430008110033",
    "ccf65503000000000000000000000000000000000000000000000000000000000000004500000000000000000000000000000000000000000000000000000000000001a4",
  ],
}
`;

exports[`Test predeploy contracts for chain 42161 register predeploy contract 2`] = `"0x8000002000000000000000000000000000000000000000000000000000000000000001e9"`;

exports[`Test predeploy contracts for chain 42161 register predeploy contract 3`] = `
[
  {
    "data": "0x00000000000000000000000000000000000000000000000000000000000001e9",
    "success": true,
  },
]
`;

exports[`Test predeploy contracts for chain 42161 simple 1`] = `
{
  "byteCode": "0x6103006200006c60803961027860806000f06103805260ff60e060046103a06000600060446102f86000610380515af1841b3d841b01815281013d6000823e3d0160006000604461033c6000610380515af1841b3d841b01815281013d6000823e3d016103a090036103a0f3608060405234801561001057600080fd5b50610258806100206000396000f3fe608060405234801561001057600080fd5b50600436106100365760003560e01c80631858c77d1461003b578063ccf655031461006b575b600080fd5b61005560048036038101906100509190610102565b61009b565b6040516100629190610151565b60405180910390f35b61008560048036038101906100809190610102565b6100b1565b6040516100929190610151565b60405180910390f35b600081836100a9919061019b565b905092915050565b600081836100bf91906101de565b905092915050565b600080fd5b6000819050919050565b6100df816100cc565b81146100ea57600080fd5b50565b6000813590506100fc816100d6565b92915050565b60008060408385031215610119576101186100c7565b5b6000610127858286016100ed565b9250506020610138858286016100ed565b9150509250929050565b61014b816100cc565b82525050565b60006020820190506101666000830184610142565b92915050565b7f4e487b7100000000000000000000000000000000000000000000000000000000600052601160045260246000fd5b60006101a6826100cc565b91506101b1836100cc565b92508282039050818112600084121682821360008512151617156101d8576101d761016c565b5b92915050565b60006101e9826100cc565b91506101f4836100cc565b92508282019050828112156000831216838212600084121516171561021c5761021b61016c565b5b9291505056fea2646970667358221220f5b5af1db90e0f8d8bff4bcfa08f119f2227ca5d7d2e3ba623523e219c33728264736f6c63430008110033ccf65503000000000000000000000000000000000000000000000000000000000000000a00000000000000000000000000000000000000000000000000000000000000141858c77d000000000000000000000000000000000000000000000000000000000000000a0000000000000000000000000000000000000000000000000000000000000014",
  "splittedByteCodes": [
    "610300",
    "6200006c",
    "6080",
    "39",
    "610278",
    "6080",
    "6000",
    "f0",
    "61038052",
    "60ff",
    "60e0",
    "6004",
    "6103a0",
    "6000",
    "6000",
    "6044",
    "6102f8",
    "6000",
    "61038051",
    "5a",
    "f1",
    "84",
    "1b",
    "3d",
    "84",
    "1b",
    "01",
    "81",
    "52",
    "81",
    "01",
    "3d",
    "6000",
    "82",
    "3e",
    "3d",
    "01",
    "6000",
    "6000",
    "6044",
    "61033c",
    "6000",
    "61038051",
    "5a",
    "f1",
    "84",
    "1b",
    "3d",
    "84",
    "1b",
    "01",
    "81",
    "52",
    "81",
    "01",
    "3d",
    "6000",
    "82",
    "3e",
    "3d",
    "01",
    "6103a0",
    "90",
    "03",
    "6103a0",
    "f3",
    "",
    "608060405234801561001057600080fd5b50610258806100206000396000f3fe608060405234801561001057600080fd5b50600436106100365760003560e01c80631858c77d1461003b578063ccf655031461006b575b600080fd5b61005560048036038101906100509190610102565b61009b565b6040516100629190610151565b60405180910390f35b61008560048036038101906100809190610102565b6100b1565b6040516100929190610151565b60405180910390f35b600081836100a9919061019b565b905092915050565b600081836100bf91906101de565b905092915050565b600080fd5b6000819050919050565b6100df816100cc565b81146100ea57600080fd5b50565b6000813590506100fc816100d6565b92915050565b60008060408385031215610119576101186100c7565b5b6000610127858286016100ed565b9250506020610138858286016100ed565b9150509250929050565b61014b816100cc565b82525050565b60006020820190506101666000830184610142565b92915050565b7f4e487b7100000000000000000000000000000000000000000000000000000000600052601160045260246000fd5b60006101a6826100cc565b91506101b1836100cc565b92508282039050818112600084121682821360008512151617156101d8576101d761016c565b5b92915050565b60006101e9826100cc565b91506101f4836100cc565b92508282019050828112156000831216838212600084121516171561021c5761021b61016c565b5b9291505056fea2646970667358221220f5b5af1db90e0f8d8bff4bcfa08f119f2227ca5d7d2e3ba623523e219c33728264736f6c63430008110033",
    "ccf65503000000000000000000000000000000000000000000000000000000000000000a00000000000000000000000000000000000000000000000000000000000000141858c77d000000000000000000000000000000000000000000000000000000000000000a0000000000000000000000000000000000000000000000000000000000000014",
  ],
}
`;

exports[`Test predeploy contracts for chain 42161 simple 2`] = `"0x80000020000000000000000000000000000000000000000000000000000000000000001e80000020fffffffffffffffffffffffffffffffffffffffffffffffffffffffffffffff6"`;

exports[`Test predeploy contracts for chain 42161 simple 3`] = `
[
  {
    "data": "0x000000000000000000000000000000000000000000000000000000000000001e",
    "success": true,
  },
  {
    "data": "0xfffffffffffffffffffffffffffffffffffffffffffffffffffffffffffffff6",
    "success": true,
  },
]
`;

exports[`Test predeploy contracts for chain 42161 simple 4`] = `
 [
  30n,
]
`;

exports[`Test predeploy contracts for chain 42161 simple 5`] = `
 [
  -10n,
]
`;
