// Jest Snapshot v1, https://goo.gl/fbAQLP

exports[`Test gas limit and value for chain 1 test both gas and value simple 1`] = `"0x6104456200008b6080396103bd60805ff06104c55260ff60e060046104e55f5f604461043d600a6104c551620186a0f1841b3d841b01815281013d5f823e3d015f5f604461043d600a6104c5516064f1841b3d841b01815281013d5f823e3d015f5f6044610481600a6104c551620186a0f1841b3d841b01815281013d5f823e3d016104e590036104e5f3608060405234801561001057600080fd5b5061039d806100206000396000f3fe6080604052600436106100345760003560e01c8063483b80af146100395780636ffdfe3914610076578063b37ff669146100a6575b600080fd5b34801561004557600080fd5b50610060600480360381019061005b9190610184565b6100d7565b60405161006d91906101c0565b60405180910390f35b610090600480360381019061008b9190610184565b61011d565b60405161009d91906101f6565b60405180910390f35b6100c060048036038101906100bb9190610211565b610129565b6040516100ce929190610251565b60405180910390f35b6000806000905060005b838110156101135780816100f591906102a9565b8261010091906102eb565b91508061010c9061031f565b90506100e1565b5080915050919050565b60008134149050919050565b6000806101358461011d565b9150610140836100d7565b90509250929050565b600080fd5b6000819050919050565b6101618161014e565b811461016c57600080fd5b50565b60008135905061017e81610158565b92915050565b60006020828403121561019a57610199610149565b5b60006101a88482850161016f565b91505092915050565b6101ba8161014e565b82525050565b60006020820190506101d560008301846101b1565b92915050565b60008115159050919050565b6101f0816101db565b82525050565b600060208201905061020b60008301846101e7565b92915050565b6000806040838503121561022857610227610149565b5b60006102368582860161016f565b92505060206102478582860161016f565b9150509250929050565b600060408201905061026660008301856101e7565b61027360208301846101b1565b9392505050565b7f4e487b7100000000000000000000000000000000000000000000000000000000600052601160045260246000fd5b60006102b48261014e565b91506102bf8361014e565b92508282026102cd8161014e565b915082820484148315176102e4576102e361027a565b5b5092915050565b60006102f68261014e565b91506103018361014e565b92508282019050808211156103195761031861027a565b5b92915050565b600061032a8261014e565b91507fffffffffffffffffffffffffffffffffffffffffffffffffffffffffffffffff820361035c5761035b61027a565b5b60018201905091905056fea2646970667358221220a3a369b46abb38af7f9033dd1983e88c6c6b7562b3c494a3094011a457f7b9de64736f6c63430008110033b37ff669000000000000000000000000000000000000000000000000000000000000000a000000000000000000000000000000000000000000000000000000000000001eb37ff6690000000000000000000000000000000000000000000000000000000000000009000000000000000000000000000000000000000000000000000000000000001e"`;

exports[`Test gas limit and value for chain 1 test both gas and value simple 2`] = `
[
  "0x610445",
  "0x6200008b",
  "0x6080",
  "0x39",
  "0x6103bd",
  "0x6080",
  "0x5f",
  "0xf0",
  "0x6104c552",
  "0x60ff",
  "0x60e0",
  "0x6004",
  "0x6104e5",
  "0x5f",
  "0x5f",
  "0x6044",
  "0x61043d",
  "0x600a",
  "0x6104c551",
  "0x620186a0",
  "0xf1",
  "0x84",
  "0x1b",
  "0x3d",
  "0x84",
  "0x1b",
  "0x01",
  "0x81",
  "0x52",
  "0x81",
  "0x01",
  "0x3d",
  "0x5f",
  "0x82",
  "0x3e",
  "0x3d",
  "0x01",
  "0x5f",
  "0x5f",
  "0x6044",
  "0x61043d",
  "0x600a",
  "0x6104c551",
  "0x6064",
  "0xf1",
  "0x84",
  "0x1b",
  "0x3d",
  "0x84",
  "0x1b",
  "0x01",
  "0x81",
  "0x52",
  "0x81",
  "0x01",
  "0x3d",
  "0x5f",
  "0x82",
  "0x3e",
  "0x3d",
  "0x01",
  "0x5f",
  "0x5f",
  "0x6044",
  "0x610481",
  "0x600a",
  "0x6104c551",
  "0x620186a0",
  "0xf1",
  "0x84",
  "0x1b",
  "0x3d",
  "0x84",
  "0x1b",
  "0x01",
  "0x81",
  "0x52",
  "0x81",
  "0x01",
  "0x3d",
  "0x5f",
  "0x82",
  "0x3e",
  "0x3d",
  "0x01",
  "0x6104e5",
  "0x90",
  "0x03",
  "0x6104e5",
  "0xf3",
  "0x",
  "0x608060405234801561001057600080fd5b5061039d806100206000396000f3fe6080604052600436106100345760003560e01c8063483b80af146100395780636ffdfe3914610076578063b37ff669146100a6575b600080fd5b34801561004557600080fd5b50610060600480360381019061005b9190610184565b6100d7565b60405161006d91906101c0565b60405180910390f35b610090600480360381019061008b9190610184565b61011d565b60405161009d91906101f6565b60405180910390f35b6100c060048036038101906100bb9190610211565b610129565b6040516100ce929190610251565b60405180910390f35b6000806000905060005b838110156101135780816100f591906102a9565b8261010091906102eb565b91508061010c9061031f565b90506100e1565b5080915050919050565b60008134149050919050565b6000806101358461011d565b9150610140836100d7565b90509250929050565b600080fd5b6000819050919050565b6101618161014e565b811461016c57600080fd5b50565b60008135905061017e81610158565b92915050565b60006020828403121561019a57610199610149565b5b60006101a88482850161016f565b91505092915050565b6101ba8161014e565b82525050565b60006020820190506101d560008301846101b1565b92915050565b60008115159050919050565b6101f0816101db565b82525050565b600060208201905061020b60008301846101e7565b92915050565b6000806040838503121561022857610227610149565b5b60006102368582860161016f565b92505060206102478582860161016f565b9150509250929050565b600060408201905061026660008301856101e7565b61027360208301846101b1565b9392505050565b7f4e487b7100000000000000000000000000000000000000000000000000000000600052601160045260246000fd5b60006102b48261014e565b91506102bf8361014e565b92508282026102cd8161014e565b915082820484148315176102e4576102e361027a565b5b5092915050565b60006102f68261014e565b91506103018361014e565b92508282019050808211156103195761031861027a565b5b92915050565b600061032a8261014e565b91507fffffffffffffffffffffffffffffffffffffffffffffffffffffffffffffffff820361035c5761035b61027a565b5b60018201905091905056fea2646970667358221220a3a369b46abb38af7f9033dd1983e88c6c6b7562b3c494a3094011a457f7b9de64736f6c63430008110033",
  "0xb37ff669000000000000000000000000000000000000000000000000000000000000000a000000000000000000000000000000000000000000000000000000000000001eb37ff6690000000000000000000000000000000000000000000000000000000000000009000000000000000000000000000000000000000000000000000000000000001e",
]
`;

exports[`Test gas limit and value for chain 1 test both gas and value simple 3`] = `"0x800000400000000000000000000000000000000000000000000000000000000000000001000000000000000000000000000000000000000000000000000000000000216b00000000800000400000000000000000000000000000000000000000000000000000000000000000000000000000000000000000000000000000000000000000000000000000216b"`;

exports[`Test gas limit and value for chain 1 test both gas and value simple 4`] = `
[
  {
    "result":  [
      true,
      8555n,
    ],
    "success": true,
  },
  {
    "error": [Error: No error fragment found for reverted data "0x"],
    "success": false,
  },
  {
    "result":  [
      false,
      8555n,
    ],
    "success": true,
  },
]
`;

exports[`Test gas limit and value for chain 1 test value simple 1`] = `"0x610405620000656080396103bd60805ff06104855260ff60e060046104a55f5f602461043d600a610485515af1841b3d841b01815281013d5f823e3d015f5f6024610461600a610485515af1841b3d841b01815281013d5f823e3d016104a590036104a5f3608060405234801561001057600080fd5b5061039d806100206000396000f3fe6080604052600436106100345760003560e01c8063483b80af146100395780636ffdfe3914610076578063b37ff669146100a6575b600080fd5b34801561004557600080fd5b50610060600480360381019061005b9190610184565b6100d7565b60405161006d91906101c0565b60405180910390f35b610090600480360381019061008b9190610184565b61011d565b60405161009d91906101f6565b60405180910390f35b6100c060048036038101906100bb9190610211565b610129565b6040516100ce929190610251565b60405180910390f35b6000806000905060005b838110156101135780816100f591906102a9565b8261010091906102eb565b91508061010c9061031f565b90506100e1565b5080915050919050565b60008134149050919050565b6000806101358461011d565b9150610140836100d7565b90509250929050565b600080fd5b6000819050919050565b6101618161014e565b811461016c57600080fd5b50565b60008135905061017e81610158565b92915050565b60006020828403121561019a57610199610149565b5b60006101a88482850161016f565b91505092915050565b6101ba8161014e565b82525050565b60006020820190506101d560008301846101b1565b92915050565b60008115159050919050565b6101f0816101db565b82525050565b600060208201905061020b60008301846101e7565b92915050565b6000806040838503121561022857610227610149565b5b60006102368582860161016f565b92505060206102478582860161016f565b9150509250929050565b600060408201905061026660008301856101e7565b61027360208301846101b1565b9392505050565b7f4e487b7100000000000000000000000000000000000000000000000000000000600052601160045260246000fd5b60006102b48261014e565b91506102bf8361014e565b92508282026102cd8161014e565b915082820484148315176102e4576102e361027a565b5b5092915050565b60006102f68261014e565b91506103018361014e565b92508282019050808211156103195761031861027a565b5b92915050565b600061032a8261014e565b91507fffffffffffffffffffffffffffffffffffffffffffffffffffffffffffffffff820361035c5761035b61027a565b5b60018201905091905056fea2646970667358221220a3a369b46abb38af7f9033dd1983e88c6c6b7562b3c494a3094011a457f7b9de64736f6c634300081100336ffdfe39000000000000000000000000000000000000000000000000000000000000000a6ffdfe390000000000000000000000000000000000000000000000000000000000000014"`;

exports[`Test gas limit and value for chain 1 test value simple 2`] = `
[
  "0x610405",
  "0x62000065",
  "0x6080",
  "0x39",
  "0x6103bd",
  "0x6080",
  "0x5f",
  "0xf0",
  "0x61048552",
  "0x60ff",
  "0x60e0",
  "0x6004",
  "0x6104a5",
  "0x5f",
  "0x5f",
  "0x6024",
  "0x61043d",
  "0x600a",
  "0x61048551",
  "0x5a",
  "0xf1",
  "0x84",
  "0x1b",
  "0x3d",
  "0x84",
  "0x1b",
  "0x01",
  "0x81",
  "0x52",
  "0x81",
  "0x01",
  "0x3d",
  "0x5f",
  "0x82",
  "0x3e",
  "0x3d",
  "0x01",
  "0x5f",
  "0x5f",
  "0x6024",
  "0x610461",
  "0x600a",
  "0x61048551",
  "0x5a",
  "0xf1",
  "0x84",
  "0x1b",
  "0x3d",
  "0x84",
  "0x1b",
  "0x01",
  "0x81",
  "0x52",
  "0x81",
  "0x01",
  "0x3d",
  "0x5f",
  "0x82",
  "0x3e",
  "0x3d",
  "0x01",
  "0x6104a5",
  "0x90",
  "0x03",
  "0x6104a5",
  "0xf3",
  "0x",
  "0x608060405234801561001057600080fd5b5061039d806100206000396000f3fe6080604052600436106100345760003560e01c8063483b80af146100395780636ffdfe3914610076578063b37ff669146100a6575b600080fd5b34801561004557600080fd5b50610060600480360381019061005b9190610184565b6100d7565b60405161006d91906101c0565b60405180910390f35b610090600480360381019061008b9190610184565b61011d565b60405161009d91906101f6565b60405180910390f35b6100c060048036038101906100bb9190610211565b610129565b6040516100ce929190610251565b60405180910390f35b6000806000905060005b838110156101135780816100f591906102a9565b8261010091906102eb565b91508061010c9061031f565b90506100e1565b5080915050919050565b60008134149050919050565b6000806101358461011d565b9150610140836100d7565b90509250929050565b600080fd5b6000819050919050565b6101618161014e565b811461016c57600080fd5b50565b60008135905061017e81610158565b92915050565b60006020828403121561019a57610199610149565b5b60006101a88482850161016f565b91505092915050565b6101ba8161014e565b82525050565b60006020820190506101d560008301846101b1565b92915050565b60008115159050919050565b6101f0816101db565b82525050565b600060208201905061020b60008301846101e7565b92915050565b6000806040838503121561022857610227610149565b5b60006102368582860161016f565b92505060206102478582860161016f565b9150509250929050565b600060408201905061026660008301856101e7565b61027360208301846101b1565b9392505050565b7f4e487b7100000000000000000000000000000000000000000000000000000000600052601160045260246000fd5b60006102b48261014e565b91506102bf8361014e565b92508282026102cd8161014e565b915082820484148315176102e4576102e361027a565b5b5092915050565b60006102f68261014e565b91506103018361014e565b92508282019050808211156103195761031861027a565b5b92915050565b600061032a8261014e565b91507fffffffffffffffffffffffffffffffffffffffffffffffffffffffffffffffff820361035c5761035b61027a565b5b60018201905091905056fea2646970667358221220a3a369b46abb38af7f9033dd1983e88c6c6b7562b3c494a3094011a457f7b9de64736f6c63430008110033",
  "0x6ffdfe39000000000000000000000000000000000000000000000000000000000000000a6ffdfe390000000000000000000000000000000000000000000000000000000000000014",
]
`;

exports[`Test gas limit and value for chain 1 test value simple 3`] = `"0x800000200000000000000000000000000000000000000000000000000000000000000001800000200000000000000000000000000000000000000000000000000000000000000000"`;

exports[`Test gas limit and value for chain 1 test value simple 4`] = `
[
  {
    "result": true,
    "success": true,
  },
  {
    "result": false,
    "success": true,
  },
]
`;

exports[`Test gas limit and value for chain 1 testGas simple 1`] = `"0x6103e1620000886080396103bd60805ff06104615260ff60e060046104815f5f602461043d5f61046151620186a0f1841b3d841b01815281013d5f823e3d015f5f602461043d5f610461516064f1841b3d841b01815281013d5f823e3d015f5f602461043d5f61046151620186a0f1841b3d841b01815281013d5f823e3d016104819003610481f3608060405234801561001057600080fd5b5061039d806100206000396000f3fe6080604052600436106100345760003560e01c8063483b80af146100395780636ffdfe3914610076578063b37ff669146100a6575b600080fd5b34801561004557600080fd5b50610060600480360381019061005b9190610184565b6100d7565b60405161006d91906101c0565b60405180910390f35b610090600480360381019061008b9190610184565b61011d565b60405161009d91906101f6565b60405180910390f35b6100c060048036038101906100bb9190610211565b610129565b6040516100ce929190610251565b60405180910390f35b6000806000905060005b838110156101135780816100f591906102a9565b8261010091906102eb565b91508061010c9061031f565b90506100e1565b5080915050919050565b60008134149050919050565b6000806101358461011d565b9150610140836100d7565b90509250929050565b600080fd5b6000819050919050565b6101618161014e565b811461016c57600080fd5b50565b60008135905061017e81610158565b92915050565b60006020828403121561019a57610199610149565b5b60006101a88482850161016f565b91505092915050565b6101ba8161014e565b82525050565b60006020820190506101d560008301846101b1565b92915050565b60008115159050919050565b6101f0816101db565b82525050565b600060208201905061020b60008301846101e7565b92915050565b6000806040838503121561022857610227610149565b5b60006102368582860161016f565b92505060206102478582860161016f565b9150509250929050565b600060408201905061026660008301856101e7565b61027360208301846101b1565b9392505050565b7f4e487b7100000000000000000000000000000000000000000000000000000000600052601160045260246000fd5b60006102b48261014e565b91506102bf8361014e565b92508282026102cd8161014e565b915082820484148315176102e4576102e361027a565b5b5092915050565b60006102f68261014e565b91506103018361014e565b92508282019050808211156103195761031861027a565b5b92915050565b600061032a8261014e565b91507fffffffffffffffffffffffffffffffffffffffffffffffffffffffffffffffff820361035c5761035b61027a565b5b60018201905091905056fea2646970667358221220a3a369b46abb38af7f9033dd1983e88c6c6b7562b3c494a3094011a457f7b9de64736f6c63430008110033483b80af000000000000000000000000000000000000000000000000000000000000001e"`;

exports[`Test gas limit and value for chain 1 testGas simple 2`] = `
[
  "0x6103e1",
  "0x62000088",
  "0x6080",
  "0x39",
  "0x6103bd",
  "0x6080",
  "0x5f",
  "0xf0",
  "0x61046152",
  "0x60ff",
  "0x60e0",
  "0x6004",
  "0x610481",
  "0x5f",
  "0x5f",
  "0x6024",
  "0x61043d",
  "0x5f",
  "0x61046151",
  "0x620186a0",
  "0xf1",
  "0x84",
  "0x1b",
  "0x3d",
  "0x84",
  "0x1b",
  "0x01",
  "0x81",
  "0x52",
  "0x81",
  "0x01",
  "0x3d",
  "0x5f",
  "0x82",
  "0x3e",
  "0x3d",
  "0x01",
  "0x5f",
  "0x5f",
  "0x6024",
  "0x61043d",
  "0x5f",
  "0x61046151",
  "0x6064",
  "0xf1",
  "0x84",
  "0x1b",
  "0x3d",
  "0x84",
  "0x1b",
  "0x01",
  "0x81",
  "0x52",
  "0x81",
  "0x01",
  "0x3d",
  "0x5f",
  "0x82",
  "0x3e",
  "0x3d",
  "0x01",
  "0x5f",
  "0x5f",
  "0x6024",
  "0x61043d",
  "0x5f",
  "0x61046151",
  "0x620186a0",
  "0xf1",
  "0x84",
  "0x1b",
  "0x3d",
  "0x84",
  "0x1b",
  "0x01",
  "0x81",
  "0x52",
  "0x81",
  "0x01",
  "0x3d",
  "0x5f",
  "0x82",
  "0x3e",
  "0x3d",
  "0x01",
  "0x610481",
  "0x90",
  "0x03",
  "0x610481",
  "0xf3",
  "0x",
  "0x608060405234801561001057600080fd5b5061039d806100206000396000f3fe6080604052600436106100345760003560e01c8063483b80af146100395780636ffdfe3914610076578063b37ff669146100a6575b600080fd5b34801561004557600080fd5b50610060600480360381019061005b9190610184565b6100d7565b60405161006d91906101c0565b60405180910390f35b610090600480360381019061008b9190610184565b61011d565b60405161009d91906101f6565b60405180910390f35b6100c060048036038101906100bb9190610211565b610129565b6040516100ce929190610251565b60405180910390f35b6000806000905060005b838110156101135780816100f591906102a9565b8261010091906102eb565b91508061010c9061031f565b90506100e1565b5080915050919050565b60008134149050919050565b6000806101358461011d565b9150610140836100d7565b90509250929050565b600080fd5b6000819050919050565b6101618161014e565b811461016c57600080fd5b50565b60008135905061017e81610158565b92915050565b60006020828403121561019a57610199610149565b5b60006101a88482850161016f565b91505092915050565b6101ba8161014e565b82525050565b60006020820190506101d560008301846101b1565b92915050565b60008115159050919050565b6101f0816101db565b82525050565b600060208201905061020b60008301846101e7565b92915050565b6000806040838503121561022857610227610149565b5b60006102368582860161016f565b92505060206102478582860161016f565b9150509250929050565b600060408201905061026660008301856101e7565b61027360208301846101b1565b9392505050565b7f4e487b7100000000000000000000000000000000000000000000000000000000600052601160045260246000fd5b60006102b48261014e565b91506102bf8361014e565b92508282026102cd8161014e565b915082820484148315176102e4576102e361027a565b5b5092915050565b60006102f68261014e565b91506103018361014e565b92508282019050808211156103195761031861027a565b5b92915050565b600061032a8261014e565b91507fffffffffffffffffffffffffffffffffffffffffffffffffffffffffffffffff820361035c5761035b61027a565b5b60018201905091905056fea2646970667358221220a3a369b46abb38af7f9033dd1983e88c6c6b7562b3c494a3094011a457f7b9de64736f6c63430008110033",
  "0x483b80af000000000000000000000000000000000000000000000000000000000000001e",
]
`;

exports[`Test gas limit and value for chain 1 testGas simple 3`] = `"0x80000020000000000000000000000000000000000000000000000000000000000000216b0000000080000020000000000000000000000000000000000000000000000000000000000000216b"`;

exports[`Test gas limit and value for chain 1 testGas simple 4`] = `
[
  {
    "result": 8555n,
    "success": true,
  },
  {
    "error": [Error: No error fragment found for reverted data "0x"],
    "success": false,
  },
  {
    "result": 8555n,
    "success": true,
  },
]
`;

exports[`Test gas limit and value for chain 42161 test both gas and value simple 1`] = `"0x610445620000956080396103bd60806000f06104c55260ff60e060046104e560006000604461043d600a6104c551620186a0f1841b3d841b01815281013d6000823e3d0160006000604461043d600a6104c5516064f1841b3d841b01815281013d6000823e3d01600060006044610481600a6104c551620186a0f1841b3d841b01815281013d6000823e3d016104e590036104e5f3608060405234801561001057600080fd5b5061039d806100206000396000f3fe6080604052600436106100345760003560e01c8063483b80af146100395780636ffdfe3914610076578063b37ff669146100a6575b600080fd5b34801561004557600080fd5b50610060600480360381019061005b9190610184565b6100d7565b60405161006d91906101c0565b60405180910390f35b610090600480360381019061008b9190610184565b61011d565b60405161009d91906101f6565b60405180910390f35b6100c060048036038101906100bb9190610211565b610129565b6040516100ce929190610251565b60405180910390f35b6000806000905060005b838110156101135780816100f591906102a9565b8261010091906102eb565b91508061010c9061031f565b90506100e1565b5080915050919050565b60008134149050919050565b6000806101358461011d565b9150610140836100d7565b90509250929050565b600080fd5b6000819050919050565b6101618161014e565b811461016c57600080fd5b50565b60008135905061017e81610158565b92915050565b60006020828403121561019a57610199610149565b5b60006101a88482850161016f565b91505092915050565b6101ba8161014e565b82525050565b60006020820190506101d560008301846101b1565b92915050565b60008115159050919050565b6101f0816101db565b82525050565b600060208201905061020b60008301846101e7565b92915050565b6000806040838503121561022857610227610149565b5b60006102368582860161016f565b92505060206102478582860161016f565b9150509250929050565b600060408201905061026660008301856101e7565b61027360208301846101b1565b9392505050565b7f4e487b7100000000000000000000000000000000000000000000000000000000600052601160045260246000fd5b60006102b48261014e565b91506102bf8361014e565b92508282026102cd8161014e565b915082820484148315176102e4576102e361027a565b5b5092915050565b60006102f68261014e565b91506103018361014e565b92508282019050808211156103195761031861027a565b5b92915050565b600061032a8261014e565b91507fffffffffffffffffffffffffffffffffffffffffffffffffffffffffffffffff820361035c5761035b61027a565b5b60018201905091905056fea2646970667358221220a3a369b46abb38af7f9033dd1983e88c6c6b7562b3c494a3094011a457f7b9de64736f6c63430008110033b37ff669000000000000000000000000000000000000000000000000000000000000000a000000000000000000000000000000000000000000000000000000000000001eb37ff6690000000000000000000000000000000000000000000000000000000000000009000000000000000000000000000000000000000000000000000000000000001e"`;

exports[`Test gas limit and value for chain 42161 test both gas and value simple 2`] = `
[
  "0x610445",
  "0x62000095",
  "0x6080",
  "0x39",
  "0x6103bd",
  "0x6080",
  "0x6000",
  "0xf0",
  "0x6104c552",
  "0x60ff",
  "0x60e0",
  "0x6004",
  "0x6104e5",
  "0x6000",
  "0x6000",
  "0x6044",
  "0x61043d",
  "0x600a",
  "0x6104c551",
  "0x620186a0",
  "0xf1",
  "0x84",
  "0x1b",
  "0x3d",
  "0x84",
  "0x1b",
  "0x01",
  "0x81",
  "0x52",
  "0x81",
  "0x01",
  "0x3d",
  "0x6000",
  "0x82",
  "0x3e",
  "0x3d",
  "0x01",
  "0x6000",
  "0x6000",
  "0x6044",
  "0x61043d",
  "0x600a",
  "0x6104c551",
  "0x6064",
  "0xf1",
  "0x84",
  "0x1b",
  "0x3d",
  "0x84",
  "0x1b",
  "0x01",
  "0x81",
  "0x52",
  "0x81",
  "0x01",
  "0x3d",
  "0x6000",
  "0x82",
  "0x3e",
  "0x3d",
  "0x01",
  "0x6000",
  "0x6000",
  "0x6044",
  "0x610481",
  "0x600a",
  "0x6104c551",
  "0x620186a0",
  "0xf1",
  "0x84",
  "0x1b",
  "0x3d",
  "0x84",
  "0x1b",
  "0x01",
  "0x81",
  "0x52",
  "0x81",
  "0x01",
  "0x3d",
  "0x6000",
  "0x82",
  "0x3e",
  "0x3d",
  "0x01",
  "0x6104e5",
  "0x90",
  "0x03",
  "0x6104e5",
  "0xf3",
  "0x",
  "0x608060405234801561001057600080fd5b5061039d806100206000396000f3fe6080604052600436106100345760003560e01c8063483b80af146100395780636ffdfe3914610076578063b37ff669146100a6575b600080fd5b34801561004557600080fd5b50610060600480360381019061005b9190610184565b6100d7565b60405161006d91906101c0565b60405180910390f35b610090600480360381019061008b9190610184565b61011d565b60405161009d91906101f6565b60405180910390f35b6100c060048036038101906100bb9190610211565b610129565b6040516100ce929190610251565b60405180910390f35b6000806000905060005b838110156101135780816100f591906102a9565b8261010091906102eb565b91508061010c9061031f565b90506100e1565b5080915050919050565b60008134149050919050565b6000806101358461011d565b9150610140836100d7565b90509250929050565b600080fd5b6000819050919050565b6101618161014e565b811461016c57600080fd5b50565b60008135905061017e81610158565b92915050565b60006020828403121561019a57610199610149565b5b60006101a88482850161016f565b91505092915050565b6101ba8161014e565b82525050565b60006020820190506101d560008301846101b1565b92915050565b60008115159050919050565b6101f0816101db565b82525050565b600060208201905061020b60008301846101e7565b92915050565b6000806040838503121561022857610227610149565b5b60006102368582860161016f565b92505060206102478582860161016f565b9150509250929050565b600060408201905061026660008301856101e7565b61027360208301846101b1565b9392505050565b7f4e487b7100000000000000000000000000000000000000000000000000000000600052601160045260246000fd5b60006102b48261014e565b91506102bf8361014e565b92508282026102cd8161014e565b915082820484148315176102e4576102e361027a565b5b5092915050565b60006102f68261014e565b91506103018361014e565b92508282019050808211156103195761031861027a565b5b92915050565b600061032a8261014e565b91507fffffffffffffffffffffffffffffffffffffffffffffffffffffffffffffffff820361035c5761035b61027a565b5b60018201905091905056fea2646970667358221220a3a369b46abb38af7f9033dd1983e88c6c6b7562b3c494a3094011a457f7b9de64736f6c63430008110033",
  "0xb37ff669000000000000000000000000000000000000000000000000000000000000000a000000000000000000000000000000000000000000000000000000000000001eb37ff6690000000000000000000000000000000000000000000000000000000000000009000000000000000000000000000000000000000000000000000000000000001e",
]
`;

exports[`Test gas limit and value for chain 42161 test both gas and value simple 3`] = `"0x800000400000000000000000000000000000000000000000000000000000000000000001000000000000000000000000000000000000000000000000000000000000216b00000000800000400000000000000000000000000000000000000000000000000000000000000000000000000000000000000000000000000000000000000000000000000000216b"`;

exports[`Test gas limit and value for chain 42161 test both gas and value simple 4`] = `
[
  {
    "result":  [
      true,
      8555n,
    ],
    "success": true,
  },
  {
    "error": [Error: No error fragment found for reverted data "0x"],
    "success": false,
  },
  {
    "result":  [
      false,
      8555n,
    ],
    "success": true,
  },
]
`;

exports[`Test gas limit and value for chain 42161 test value simple 1`] = `"0x6104056200006c6080396103bd60806000f06104855260ff60e060046104a560006000602461043d600a610485515af1841b3d841b01815281013d6000823e3d01600060006024610461600a610485515af1841b3d841b01815281013d6000823e3d016104a590036104a5f3608060405234801561001057600080fd5b5061039d806100206000396000f3fe6080604052600436106100345760003560e01c8063483b80af146100395780636ffdfe3914610076578063b37ff669146100a6575b600080fd5b34801561004557600080fd5b50610060600480360381019061005b9190610184565b6100d7565b60405161006d91906101c0565b60405180910390f35b610090600480360381019061008b9190610184565b61011d565b60405161009d91906101f6565b60405180910390f35b6100c060048036038101906100bb9190610211565b610129565b6040516100ce929190610251565b60405180910390f35b6000806000905060005b838110156101135780816100f591906102a9565b8261010091906102eb565b91508061010c9061031f565b90506100e1565b5080915050919050565b60008134149050919050565b6000806101358461011d565b9150610140836100d7565b90509250929050565b600080fd5b6000819050919050565b6101618161014e565b811461016c57600080fd5b50565b60008135905061017e81610158565b92915050565b60006020828403121561019a57610199610149565b5b60006101a88482850161016f565b91505092915050565b6101ba8161014e565b82525050565b60006020820190506101d560008301846101b1565b92915050565b60008115159050919050565b6101f0816101db565b82525050565b600060208201905061020b60008301846101e7565b92915050565b6000806040838503121561022857610227610149565b5b60006102368582860161016f565b92505060206102478582860161016f565b9150509250929050565b600060408201905061026660008301856101e7565b61027360208301846101b1565b9392505050565b7f4e487b7100000000000000000000000000000000000000000000000000000000600052601160045260246000fd5b60006102b48261014e565b91506102bf8361014e565b92508282026102cd8161014e565b915082820484148315176102e4576102e361027a565b5b5092915050565b60006102f68261014e565b91506103018361014e565b92508282019050808211156103195761031861027a565b5b92915050565b600061032a8261014e565b91507fffffffffffffffffffffffffffffffffffffffffffffffffffffffffffffffff820361035c5761035b61027a565b5b60018201905091905056fea2646970667358221220a3a369b46abb38af7f9033dd1983e88c6c6b7562b3c494a3094011a457f7b9de64736f6c634300081100336ffdfe39000000000000000000000000000000000000000000000000000000000000000a6ffdfe390000000000000000000000000000000000000000000000000000000000000014"`;

exports[`Test gas limit and value for chain 42161 test value simple 2`] = `
[
  "0x610405",
  "0x6200006c",
  "0x6080",
  "0x39",
  "0x6103bd",
  "0x6080",
  "0x6000",
  "0xf0",
  "0x61048552",
  "0x60ff",
  "0x60e0",
  "0x6004",
  "0x6104a5",
  "0x6000",
  "0x6000",
  "0x6024",
  "0x61043d",
  "0x600a",
  "0x61048551",
  "0x5a",
  "0xf1",
  "0x84",
  "0x1b",
  "0x3d",
  "0x84",
  "0x1b",
  "0x01",
  "0x81",
  "0x52",
  "0x81",
  "0x01",
  "0x3d",
  "0x6000",
  "0x82",
  "0x3e",
  "0x3d",
  "0x01",
  "0x6000",
  "0x6000",
  "0x6024",
  "0x610461",
  "0x600a",
  "0x61048551",
  "0x5a",
  "0xf1",
  "0x84",
  "0x1b",
  "0x3d",
  "0x84",
  "0x1b",
  "0x01",
  "0x81",
  "0x52",
  "0x81",
  "0x01",
  "0x3d",
  "0x6000",
  "0x82",
  "0x3e",
  "0x3d",
  "0x01",
  "0x6104a5",
  "0x90",
  "0x03",
  "0x6104a5",
  "0xf3",
  "0x",
  "0x608060405234801561001057600080fd5b5061039d806100206000396000f3fe6080604052600436106100345760003560e01c8063483b80af146100395780636ffdfe3914610076578063b37ff669146100a6575b600080fd5b34801561004557600080fd5b50610060600480360381019061005b9190610184565b6100d7565b60405161006d91906101c0565b60405180910390f35b610090600480360381019061008b9190610184565b61011d565b60405161009d91906101f6565b60405180910390f35b6100c060048036038101906100bb9190610211565b610129565b6040516100ce929190610251565b60405180910390f35b6000806000905060005b838110156101135780816100f591906102a9565b8261010091906102eb565b91508061010c9061031f565b90506100e1565b5080915050919050565b60008134149050919050565b6000806101358461011d565b9150610140836100d7565b90509250929050565b600080fd5b6000819050919050565b6101618161014e565b811461016c57600080fd5b50565b60008135905061017e81610158565b92915050565b60006020828403121561019a57610199610149565b5b60006101a88482850161016f565b91505092915050565b6101ba8161014e565b82525050565b60006020820190506101d560008301846101b1565b92915050565b60008115159050919050565b6101f0816101db565b82525050565b600060208201905061020b60008301846101e7565b92915050565b6000806040838503121561022857610227610149565b5b60006102368582860161016f565b92505060206102478582860161016f565b9150509250929050565b600060408201905061026660008301856101e7565b61027360208301846101b1565b9392505050565b7f4e487b7100000000000000000000000000000000000000000000000000000000600052601160045260246000fd5b60006102b48261014e565b91506102bf8361014e565b92508282026102cd8161014e565b915082820484148315176102e4576102e361027a565b5b5092915050565b60006102f68261014e565b91506103018361014e565b92508282019050808211156103195761031861027a565b5b92915050565b600061032a8261014e565b91507fffffffffffffffffffffffffffffffffffffffffffffffffffffffffffffffff820361035c5761035b61027a565b5b60018201905091905056fea2646970667358221220a3a369b46abb38af7f9033dd1983e88c6c6b7562b3c494a3094011a457f7b9de64736f6c63430008110033",
  "0x6ffdfe39000000000000000000000000000000000000000000000000000000000000000a6ffdfe390000000000000000000000000000000000000000000000000000000000000014",
]
`;

exports[`Test gas limit and value for chain 42161 test value simple 3`] = `"0x800000200000000000000000000000000000000000000000000000000000000000000001800000200000000000000000000000000000000000000000000000000000000000000000"`;

exports[`Test gas limit and value for chain 42161 test value simple 4`] = `
[
  {
    "result": true,
    "success": true,
  },
  {
    "result": false,
    "success": true,
  },
]
`;

exports[`Test gas limit and value for chain 42161 testGas simple 1`] = `"0x6103e1620000956080396103bd60806000f06104615260ff60e0600461048160006000602461043d600061046151620186a0f1841b3d841b01815281013d6000823e3d0160006000602461043d6000610461516064f1841b3d841b01815281013d6000823e3d0160006000602461043d600061046151620186a0f1841b3d841b01815281013d6000823e3d016104819003610481f3608060405234801561001057600080fd5b5061039d806100206000396000f3fe6080604052600436106100345760003560e01c8063483b80af146100395780636ffdfe3914610076578063b37ff669146100a6575b600080fd5b34801561004557600080fd5b50610060600480360381019061005b9190610184565b6100d7565b60405161006d91906101c0565b60405180910390f35b610090600480360381019061008b9190610184565b61011d565b60405161009d91906101f6565b60405180910390f35b6100c060048036038101906100bb9190610211565b610129565b6040516100ce929190610251565b60405180910390f35b6000806000905060005b838110156101135780816100f591906102a9565b8261010091906102eb565b91508061010c9061031f565b90506100e1565b5080915050919050565b60008134149050919050565b6000806101358461011d565b9150610140836100d7565b90509250929050565b600080fd5b6000819050919050565b6101618161014e565b811461016c57600080fd5b50565b60008135905061017e81610158565b92915050565b60006020828403121561019a57610199610149565b5b60006101a88482850161016f565b91505092915050565b6101ba8161014e565b82525050565b60006020820190506101d560008301846101b1565b92915050565b60008115159050919050565b6101f0816101db565b82525050565b600060208201905061020b60008301846101e7565b92915050565b6000806040838503121561022857610227610149565b5b60006102368582860161016f565b92505060206102478582860161016f565b9150509250929050565b600060408201905061026660008301856101e7565b61027360208301846101b1565b9392505050565b7f4e487b7100000000000000000000000000000000000000000000000000000000600052601160045260246000fd5b60006102b48261014e565b91506102bf8361014e565b92508282026102cd8161014e565b915082820484148315176102e4576102e361027a565b5b5092915050565b60006102f68261014e565b91506103018361014e565b92508282019050808211156103195761031861027a565b5b92915050565b600061032a8261014e565b91507fffffffffffffffffffffffffffffffffffffffffffffffffffffffffffffffff820361035c5761035b61027a565b5b60018201905091905056fea2646970667358221220a3a369b46abb38af7f9033dd1983e88c6c6b7562b3c494a3094011a457f7b9de64736f6c63430008110033483b80af000000000000000000000000000000000000000000000000000000000000001e"`;

exports[`Test gas limit and value for chain 42161 testGas simple 2`] = `
[
  "0x6103e1",
  "0x62000095",
  "0x6080",
  "0x39",
  "0x6103bd",
  "0x6080",
  "0x6000",
  "0xf0",
  "0x61046152",
  "0x60ff",
  "0x60e0",
  "0x6004",
  "0x610481",
  "0x6000",
  "0x6000",
  "0x6024",
  "0x61043d",
  "0x6000",
  "0x61046151",
  "0x620186a0",
  "0xf1",
  "0x84",
  "0x1b",
  "0x3d",
  "0x84",
  "0x1b",
  "0x01",
  "0x81",
  "0x52",
  "0x81",
  "0x01",
  "0x3d",
  "0x6000",
  "0x82",
  "0x3e",
  "0x3d",
  "0x01",
  "0x6000",
  "0x6000",
  "0x6024",
  "0x61043d",
  "0x6000",
  "0x61046151",
  "0x6064",
  "0xf1",
  "0x84",
  "0x1b",
  "0x3d",
  "0x84",
  "0x1b",
  "0x01",
  "0x81",
  "0x52",
  "0x81",
  "0x01",
  "0x3d",
  "0x6000",
  "0x82",
  "0x3e",
  "0x3d",
  "0x01",
  "0x6000",
  "0x6000",
  "0x6024",
  "0x61043d",
  "0x6000",
  "0x61046151",
  "0x620186a0",
  "0xf1",
  "0x84",
  "0x1b",
  "0x3d",
  "0x84",
  "0x1b",
  "0x01",
  "0x81",
  "0x52",
  "0x81",
  "0x01",
  "0x3d",
  "0x6000",
  "0x82",
  "0x3e",
  "0x3d",
  "0x01",
  "0x610481",
  "0x90",
  "0x03",
  "0x610481",
  "0xf3",
  "0x",
  "0x608060405234801561001057600080fd5b5061039d806100206000396000f3fe6080604052600436106100345760003560e01c8063483b80af146100395780636ffdfe3914610076578063b37ff669146100a6575b600080fd5b34801561004557600080fd5b50610060600480360381019061005b9190610184565b6100d7565b60405161006d91906101c0565b60405180910390f35b610090600480360381019061008b9190610184565b61011d565b60405161009d91906101f6565b60405180910390f35b6100c060048036038101906100bb9190610211565b610129565b6040516100ce929190610251565b60405180910390f35b6000806000905060005b838110156101135780816100f591906102a9565b8261010091906102eb565b91508061010c9061031f565b90506100e1565b5080915050919050565b60008134149050919050565b6000806101358461011d565b9150610140836100d7565b90509250929050565b600080fd5b6000819050919050565b6101618161014e565b811461016c57600080fd5b50565b60008135905061017e81610158565b92915050565b60006020828403121561019a57610199610149565b5b60006101a88482850161016f565b91505092915050565b6101ba8161014e565b82525050565b60006020820190506101d560008301846101b1565b92915050565b60008115159050919050565b6101f0816101db565b82525050565b600060208201905061020b60008301846101e7565b92915050565b6000806040838503121561022857610227610149565b5b60006102368582860161016f565b92505060206102478582860161016f565b9150509250929050565b600060408201905061026660008301856101e7565b61027360208301846101b1565b9392505050565b7f4e487b7100000000000000000000000000000000000000000000000000000000600052601160045260246000fd5b60006102b48261014e565b91506102bf8361014e565b92508282026102cd8161014e565b915082820484148315176102e4576102e361027a565b5b5092915050565b60006102f68261014e565b91506103018361014e565b92508282019050808211156103195761031861027a565b5b92915050565b600061032a8261014e565b91507fffffffffffffffffffffffffffffffffffffffffffffffffffffffffffffffff820361035c5761035b61027a565b5b60018201905091905056fea2646970667358221220a3a369b46abb38af7f9033dd1983e88c6c6b7562b3c494a3094011a457f7b9de64736f6c63430008110033",
  "0x483b80af000000000000000000000000000000000000000000000000000000000000001e",
]
`;

exports[`Test gas limit and value for chain 42161 testGas simple 3`] = `"0x80000020000000000000000000000000000000000000000000000000000000000000216b0000000080000020000000000000000000000000000000000000000000000000000000000000216b"`;

exports[`Test gas limit and value for chain 42161 testGas simple 4`] = `
[
  {
    "result": 8555n,
    "success": true,
  },
  {
    "error": [Error: No error fragment found for reverted data "0x"],
    "success": false,
  },
  {
    "result": 8555n,
    "success": true,
  },
]
`;
